[      60ms] [LOG] %c Console Ninja extension is connected to Vite, background: rgb(30,30,30); color: rgb(255,213,92) see https://tinyurl.com/2vt8jxzw for more info. @ :0
[     150ms] [INFO] %cDownload the React DevTools for a better development experience: https://reactjs.org/link/react-devtools font-weight:bold @ http://localhost:5173/node_modules/.vite/deps/chunk-334SA7H6.js?v=6e2a7132:21550
[     258ms] [WARNING] ⚠️ React Router Future Flag Warning: React Router will begin wrapping state updates in `React.startTransition` in v7. You can use the `v7_startTransition` future flag to opt-in early. For more information, see https://reactrouter.com/v6/upgrading/future#v7_starttransition. @ http://localhost:5173/node_modules/.vite/deps/react-router-dom.js?v=6e2a7132:4426
[     258ms] [WARNING] ⚠️ React Router Future Flag Warning: Relative route resolution within Splat routes is changing in v7. You can use the `v7_relativeSplatPath` future flag to opt-in early. For more information, see https://reactrouter.com/v6/upgrading/future#v7_relativesplatpath. @ http://localhost:5173/node_modules/.vite/deps/react-router-dom.js?v=6e2a7132:4426
[     483ms] [WARNING] GSAP target .ia-projects__header not found. https://gsap.com @ http://localhost:5173/node_modules/.vite/deps/chunk-UTTC4PWC.js?v=6e2a7132:86
[     483ms] [WARNING] GSAP target  not found. https://gsap.com @ http://localhost:5173/node_modules/.vite/deps/chunk-UTTC4PWC.js?v=6e2a7132:86
[     483ms] [WARNING] Element not found: .ia-projects @ http://localhost:5173/node_modules/.vite/deps/gsap_ScrollTrigger.js?v=6e2a7132:118
[     560ms] [WARNING] GSAP target .ia-projects__header not found. https://gsap.com @ http://localhost:5173/node_modules/.vite/deps/chunk-UTTC4PWC.js?v=6e2a7132:86
[     560ms] [WARNING] GSAP target  not found. https://gsap.com @ http://localhost:5173/node_modules/.vite/deps/chunk-UTTC4PWC.js?v=6e2a7132:86
[     560ms] [WARNING] Element not found: .ia-projects @ http://localhost:5173/node_modules/.vite/deps/gsap_ScrollTrigger.js?v=6e2a7132:118
[    3729ms] [WARNING] The resource http://localhost:5173/fonts/playfair-900.woff2 was preloaded using link preload but not used within a few seconds from the window's load event. Please make sure it has an appropriate `as` value and it is preloaded intentionally. @ http://localhost:5173/ia:0
[    3729ms] [WARNING] The resource http://localhost:5173/fonts/dm-sans-400.woff2 was preloaded using link preload but not used within a few seconds from the window's load event. Please make sure it has an appropriate `as` value and it is preloaded intentionally. @ http://localhost:5173/ia:0
[  653270ms] [WARNING] The resource http://localhost:5173/fonts/playfair-900.woff2 was preloaded using link preload but not used within a few seconds from the window's load event. Please make sure it has an appropriate `as` value and it is preloaded intentionally. @ http://localhost:5173/ia:0
[  653270ms] [WARNING] The resource http://localhost:5173/fonts/dm-sans-400.woff2 was preloaded using link preload but not used within a few seconds from the window's load event. Please make sure it has an appropriate `as` value and it is preloaded intentionally. @ http://localhost:5173/ia:0
[  659259ms] [WARNING] GSAP target .ia-projects__header not found. https://gsap.com @ http://localhost:5173/node_modules/.vite/deps/chunk-UTTC4PWC.js?v=6e2a7132:86
[  659259ms] [WARNING] GSAP target  not found. https://gsap.com @ http://localhost:5173/node_modules/.vite/deps/chunk-UTTC4PWC.js?v=6e2a7132:86
[  659259ms] [WARNING] Element not found: .ia-projects @ http://localhost:5173/node_modules/.vite/deps/gsap_ScrollTrigger.js?v=6e2a7132:118
[  662181ms] [WARNING] The resource http://localhost:5173/fonts/playfair-900.woff2 was preloaded using link preload but not used within a few seconds from the window's load event. Please make sure it has an appropriate `as` value and it is preloaded intentionally. @ http://localhost:5173/ia:0
[  662181ms] [WARNING] The resource http://localhost:5173/fonts/dm-sans-400.woff2 was preloaded using link preload but not used within a few seconds from the window's load event. Please make sure it has an appropriate `as` value and it is preloaded intentionally. @ http://localhost:5173/ia:0
[  667317ms] [WARNING] GSAP target .ia-projects__header not found. https://gsap.com @ http://localhost:5173/node_modules/.vite/deps/chunk-UTTC4PWC.js?v=6e2a7132:86
[  667317ms] [WARNING] GSAP target  not found. https://gsap.com @ http://localhost:5173/node_modules/.vite/deps/chunk-UTTC4PWC.js?v=6e2a7132:86
[  667317ms] [WARNING] Element not found: .ia-projects @ http://localhost:5173/node_modules/.vite/deps/gsap_ScrollTrigger.js?v=6e2a7132:118
[  670242ms] [WARNING] The resource http://localhost:5173/fonts/playfair-900.woff2 was preloaded using link preload but not used within a few seconds from the window's load event. Please make sure it has an appropriate `as` value and it is preloaded intentionally. @ http://localhost:5173/ia:0
[  670243ms] [WARNING] The resource http://localhost:5173/fonts/dm-sans-400.woff2 was preloaded using link preload but not used within a few seconds from the window's load event. Please make sure it has an appropriate `as` value and it is preloaded intentionally. @ http://localhost:5173/ia:0
[  676954ms] [ERROR] Failed to load resource: the server responded with a status of 500 (Internal Server Error) @ http://localhost:5173/src/pages/IAPage.jsx?t=1782743798022:0
[  676959ms] [ERROR] [hmr] Failed to reload /src/pages/IAPage.jsx. This could be due to syntax errors or importing non-existent modules. (see errors above) @ :0
[  679960ms] [WARNING] The resource http://localhost:5173/fonts/playfair-900.woff2 was preloaded using link preload but not used within a few seconds from the window's load event. Please make sure it has an appropriate `as` value and it is preloaded intentionally. @ http://localhost:5173/ia:0
[  679961ms] [WARNING] The resource http://localhost:5173/fonts/dm-sans-400.woff2 was preloaded using link preload but not used within a few seconds from the window's load event. Please make sure it has an appropriate `as` value and it is preloaded intentionally. @ http://localhost:5173/ia:0
[  697290ms] [WARNING] GSAP target .ia-projects__header not found. https://gsap.com @ http://localhost:5173/node_modules/.vite/deps/chunk-UTTC4PWC.js?v=6e2a7132:86
[  697290ms] [WARNING] GSAP target  not found. https://gsap.com @ http://localhost:5173/node_modules/.vite/deps/chunk-UTTC4PWC.js?v=6e2a7132:86
[  697290ms] [WARNING] Element not found: .ia-projects @ http://localhost:5173/node_modules/.vite/deps/gsap_ScrollTrigger.js?v=6e2a7132:118
[  700199ms] [WARNING] The resource http://localhost:5173/fonts/playfair-900.woff2 was preloaded using link preload but not used within a few seconds from the window's load event. Please make sure it has an appropriate `as` value and it is preloaded intentionally. @ http://localhost:5173/ia:0
[  700199ms] [WARNING] The resource http://localhost:5173/fonts/dm-sans-400.woff2 was preloaded using link preload but not used within a few seconds from the window's load event. Please make sure it has an appropriate `as` value and it is preloaded intentionally. @ http://localhost:5173/ia:0
[  712405ms] [WARNING] The resource http://localhost:5173/fonts/playfair-900.woff2 was preloaded using link preload but not used within a few seconds from the window's load event. Please make sure it has an appropriate `as` value and it is preloaded intentionally. @ http://localhost:5173/ia:0
[  712405ms] [WARNING] The resource http://localhost:5173/fonts/dm-sans-400.woff2 was preloaded using link preload but not used within a few seconds from the window's load event. Please make sure it has an appropriate `as` value and it is preloaded intentionally. @ http://localhost:5173/ia:0
[  719232ms] [WARNING] The resource http://localhost:5173/fonts/playfair-900.woff2 was preloaded using link preload but not used within a few seconds from the window's load event. Please make sure it has an appropriate `as` value and it is preloaded intentionally. @ http://localhost:5173/ia:0
[  719232ms] [WARNING] The resource http://localhost:5173/fonts/dm-sans-400.woff2 was preloaded using link preload but not used within a few seconds from the window's load event. Please make sure it has an appropriate `as` value and it is preloaded intentionally. @ http://localhost:5173/ia:0
