[      59ms] [LOG] %c Console Ninja extension is connected to Vite, background: rgb(30,30,30); color: rgb(255,213,92) see https://tinyurl.com/2vt8jxzw for more info. @ :0
[     102ms] [INFO] %cDownload the React DevTools for a better development experience: https://reactjs.org/link/react-devtools font-weight:bold @ http://localhost:5174/node_modules/.vite/deps/chunk-334SA7H6.js?v=6e2a7132:21550
[     141ms] [WARNING] ⚠️ React Router Future Flag Warning: React Router will begin wrapping state updates in `React.startTransition` in v7. You can use the `v7_startTransition` future flag to opt-in early. For more information, see https://reactrouter.com/v6/upgrading/future#v7_starttransition. @ http://localhost:5174/node_modules/.vite/deps/react-router-dom.js?v=6e2a7132:4426
[     141ms] [WARNING] ⚠️ React Router Future Flag Warning: Relative route resolution within Splat routes is changing in v7. You can use the `v7_relativeSplatPath` future flag to opt-in early. For more information, see https://reactrouter.com/v6/upgrading/future#v7_relativesplatpath. @ http://localhost:5174/node_modules/.vite/deps/react-router-dom.js?v=6e2a7132:4426
[    3179ms] [WARNING] The resource http://localhost:5174/fonts/dm-sans-400.woff2 was preloaded using link preload but not used within a few seconds from the window's load event. Please make sure it has an appropriate `as` value and it is preloaded intentionally. @ http://localhost:5174/:0
[    3179ms] [WARNING] The resource http://localhost:5174/fonts/playfair-900.woff2 was preloaded using link preload but not used within a few seconds from the window's load event. Please make sure it has an appropriate `as` value and it is preloaded intentionally. @ http://localhost:5174/:0
[   72513ms] ReferenceError: videoRef is not defined
    at ProjectGridCard (http://localhost:5174/src/components/ui/ProjectGridCard.jsx?t=1782255472833:109:24)
    at renderWithHooks (http://localhost:5174/node_modules/.vite/deps/chunk-334SA7H6.js?v=6e2a7132:11548:26)
    at mountIndeterminateComponent (http://localhost:5174/node_modules/.vite/deps/chunk-334SA7H6.js?v=6e2a7132:14926:21)
    at beginWork (http://localhost:5174/node_modules/.vite/deps/chunk-334SA7H6.js?v=6e2a7132:15914:22)
    at HTMLUnknownElement.callCallback2 (http://localhost:5174/node_modules/.vite/deps/chunk-334SA7H6.js?v=6e2a7132:3674:22)
    at Object.invokeGuardedCallbackDev (http://localhost:5174/node_modules/.vite/deps/chunk-334SA7H6.js?v=6e2a7132:3699:24)
    at invokeGuardedCallback (http://localhost:5174/node_modules/.vite/deps/chunk-334SA7H6.js?v=6e2a7132:3733:39)
    at beginWork$1 (http://localhost:5174/node_modules/.vite/deps/chunk-334SA7H6.js?v=6e2a7132:19765:15)
    at performUnitOfWork (http://localhost:5174/node_modules/.vite/deps/chunk-334SA7H6.js?v=6e2a7132:19198:20)
    at workLoopSync (http://localhost:5174/node_modules/.vite/deps/chunk-334SA7H6.js?v=6e2a7132:19137:13)
    at renderRootSync (http://localhost:5174/node_modules/.vite/deps/chunk-334SA7H6.js?v=6e2a7132:19116:15)
    at performSyncWorkOnRoot (http://localhost:5174/node_modules/.vite/deps/chunk-334SA7H6.js?v=6e2a7132:18874:28)
    at flushSyncCallbacks (http://localhost:5174/node_modules/.vite/deps/chunk-334SA7H6.js?v=6e2a7132:9119:30)
    at flushSync (http://localhost:5174/node_modules/.vite/deps/chunk-334SA7H6.js?v=6e2a7132:18959:15)
    at Object.scheduleRefresh (http://localhost:5174/node_modules/.vite/deps/chunk-334SA7H6.js?v=6e2a7132:20004:13)
    at http://localhost:5174/@react-refresh:228:17
    at Set.forEach (<anonymous>)
    at performReactRefresh (http://localhost:5174/@react-refresh:217:26)
    at http://localhost:5174/@react-refresh:608:3
[   72514ms] ReferenceError: videoRef is not defined
    at ProjectGridCard (http://localhost:5174/src/components/ui/ProjectGridCard.jsx?t=1782255472833:109:24)
    at renderWithHooks (http://localhost:5174/node_modules/.vite/deps/chunk-334SA7H6.js?v=6e2a7132:11548:26)
    at mountIndeterminateComponent (http://localhost:5174/node_modules/.vite/deps/chunk-334SA7H6.js?v=6e2a7132:14926:21)
    at beginWork (http://localhost:5174/node_modules/.vite/deps/chunk-334SA7H6.js?v=6e2a7132:15914:22)
    at HTMLUnknownElement.callCallback2 (http://localhost:5174/node_modules/.vite/deps/chunk-334SA7H6.js?v=6e2a7132:3674:22)
    at Object.invokeGuardedCallbackDev (http://localhost:5174/node_modules/.vite/deps/chunk-334SA7H6.js?v=6e2a7132:3699:24)
    at invokeGuardedCallback (http://localhost:5174/node_modules/.vite/deps/chunk-334SA7H6.js?v=6e2a7132:3733:39)
    at beginWork$1 (http://localhost:5174/node_modules/.vite/deps/chunk-334SA7H6.js?v=6e2a7132:19765:15)
    at performUnitOfWork (http://localhost:5174/node_modules/.vite/deps/chunk-334SA7H6.js?v=6e2a7132:19198:20)
    at workLoopSync (http://localhost:5174/node_modules/.vite/deps/chunk-334SA7H6.js?v=6e2a7132:19137:13)
    at renderRootSync (http://localhost:5174/node_modules/.vite/deps/chunk-334SA7H6.js?v=6e2a7132:19116:15)
    at performSyncWorkOnRoot (http://localhost:5174/node_modules/.vite/deps/chunk-334SA7H6.js?v=6e2a7132:18874:28)
    at flushSyncCallbacks (http://localhost:5174/node_modules/.vite/deps/chunk-334SA7H6.js?v=6e2a7132:9119:30)
    at flushSync (http://localhost:5174/node_modules/.vite/deps/chunk-334SA7H6.js?v=6e2a7132:18959:15)
    at Object.scheduleRefresh (http://localhost:5174/node_modules/.vite/deps/chunk-334SA7H6.js?v=6e2a7132:20004:13)
    at http://localhost:5174/@react-refresh:228:17
    at Set.forEach (<anonymous>)
    at performReactRefresh (http://localhost:5174/@react-refresh:217:26)
    at http://localhost:5174/@react-refresh:608:3
[   72514ms] ReferenceError: videoRef is not defined
    at ProjectGridCard (http://localhost:5174/src/components/ui/ProjectGridCard.jsx?t=1782255472833:109:24)
    at renderWithHooks (http://localhost:5174/node_modules/.vite/deps/chunk-334SA7H6.js?v=6e2a7132:11548:26)
    at mountIndeterminateComponent (http://localhost:5174/node_modules/.vite/deps/chunk-334SA7H6.js?v=6e2a7132:14926:21)
    at beginWork (http://localhost:5174/node_modules/.vite/deps/chunk-334SA7H6.js?v=6e2a7132:15914:22)
    at HTMLUnknownElement.callCallback2 (http://localhost:5174/node_modules/.vite/deps/chunk-334SA7H6.js?v=6e2a7132:3674:22)
    at Object.invokeGuardedCallbackDev (http://localhost:5174/node_modules/.vite/deps/chunk-334SA7H6.js?v=6e2a7132:3699:24)
    at invokeGuardedCallback (http://localhost:5174/node_modules/.vite/deps/chunk-334SA7H6.js?v=6e2a7132:3733:39)
    at beginWork$1 (http://localhost:5174/node_modules/.vite/deps/chunk-334SA7H6.js?v=6e2a7132:19765:15)
    at performUnitOfWork (http://localhost:5174/node_modules/.vite/deps/chunk-334SA7H6.js?v=6e2a7132:19198:20)
    at workLoopSync (http://localhost:5174/node_modules/.vite/deps/chunk-334SA7H6.js?v=6e2a7132:19137:13)
    at renderRootSync (http://localhost:5174/node_modules/.vite/deps/chunk-334SA7H6.js?v=6e2a7132:19116:15)
    at performSyncWorkOnRoot (http://localhost:5174/node_modules/.vite/deps/chunk-334SA7H6.js?v=6e2a7132:18874:28)
    at flushSyncCallbacks (http://localhost:5174/node_modules/.vite/deps/chunk-334SA7H6.js?v=6e2a7132:9119:30)
    at flushSync (http://localhost:5174/node_modules/.vite/deps/chunk-334SA7H6.js?v=6e2a7132:18959:15)
    at Object.scheduleRefresh (http://localhost:5174/node_modules/.vite/deps/chunk-334SA7H6.js?v=6e2a7132:20004:13)
    at http://localhost:5174/@react-refresh:228:17
    at Set.forEach (<anonymous>)
    at performReactRefresh (http://localhost:5174/@react-refresh:217:26)
    at http://localhost:5174/@react-refresh:608:3
[   72517ms] ReferenceError: videoRef is not defined
    at ProjectGridCard (http://localhost:5174/src/components/ui/ProjectGridCard.jsx?t=1782255472833:109:24)
    at renderWithHooks (http://localhost:5174/node_modules/.vite/deps/chunk-334SA7H6.js?v=6e2a7132:11548:26)
    at mountIndeterminateComponent (http://localhost:5174/node_modules/.vite/deps/chunk-334SA7H6.js?v=6e2a7132:14926:21)
    at beginWork (http://localhost:5174/node_modules/.vite/deps/chunk-334SA7H6.js?v=6e2a7132:15914:22)
    at HTMLUnknownElement.callCallback2 (http://localhost:5174/node_modules/.vite/deps/chunk-334SA7H6.js?v=6e2a7132:3674:22)
    at Object.invokeGuardedCallbackDev (http://localhost:5174/node_modules/.vite/deps/chunk-334SA7H6.js?v=6e2a7132:3699:24)
    at invokeGuardedCallback (http://localhost:5174/node_modules/.vite/deps/chunk-334SA7H6.js?v=6e2a7132:3733:39)
    at beginWork$1 (http://localhost:5174/node_modules/.vite/deps/chunk-334SA7H6.js?v=6e2a7132:19765:15)
    at performUnitOfWork (http://localhost:5174/node_modules/.vite/deps/chunk-334SA7H6.js?v=6e2a7132:19198:20)
    at workLoopSync (http://localhost:5174/node_modules/.vite/deps/chunk-334SA7H6.js?v=6e2a7132:19137:13)
    at renderRootSync (http://localhost:5174/node_modules/.vite/deps/chunk-334SA7H6.js?v=6e2a7132:19116:15)
    at recoverFromConcurrentError (http://localhost:5174/node_modules/.vite/deps/chunk-334SA7H6.js?v=6e2a7132:18736:28)
    at performSyncWorkOnRoot (http://localhost:5174/node_modules/.vite/deps/chunk-334SA7H6.js?v=6e2a7132:18879:28)
    at flushSyncCallbacks (http://localhost:5174/node_modules/.vite/deps/chunk-334SA7H6.js?v=6e2a7132:9119:30)
    at flushSync (http://localhost:5174/node_modules/.vite/deps/chunk-334SA7H6.js?v=6e2a7132:18959:15)
    at Object.scheduleRefresh (http://localhost:5174/node_modules/.vite/deps/chunk-334SA7H6.js?v=6e2a7132:20004:13)
    at http://localhost:5174/@react-refresh:228:17
    at Set.forEach (<anonymous>)
    at performReactRefresh (http://localhost:5174/@react-refresh:217:26)
    at http://localhost:5174/@react-refresh:608:3
[   72517ms] ReferenceError: videoRef is not defined
    at ProjectGridCard (http://localhost:5174/src/components/ui/ProjectGridCard.jsx?t=1782255472833:109:24)
    at renderWithHooks (http://localhost:5174/node_modules/.vite/deps/chunk-334SA7H6.js?v=6e2a7132:11548:26)
    at mountIndeterminateComponent (http://localhost:5174/node_modules/.vite/deps/chunk-334SA7H6.js?v=6e2a7132:14926:21)
    at beginWork (http://localhost:5174/node_modules/.vite/deps/chunk-334SA7H6.js?v=6e2a7132:15914:22)
    at HTMLUnknownElement.callCallback2 (http://localhost:5174/node_modules/.vite/deps/chunk-334SA7H6.js?v=6e2a7132:3674:22)
    at Object.invokeGuardedCallbackDev (http://localhost:5174/node_modules/.vite/deps/chunk-334SA7H6.js?v=6e2a7132:3699:24)
    at invokeGuardedCallback (http://localhost:5174/node_modules/.vite/deps/chunk-334SA7H6.js?v=6e2a7132:3733:39)
    at beginWork$1 (http://localhost:5174/node_modules/.vite/deps/chunk-334SA7H6.js?v=6e2a7132:19765:15)
    at performUnitOfWork (http://localhost:5174/node_modules/.vite/deps/chunk-334SA7H6.js?v=6e2a7132:19198:20)
    at workLoopSync (http://localhost:5174/node_modules/.vite/deps/chunk-334SA7H6.js?v=6e2a7132:19137:13)
    at renderRootSync (http://localhost:5174/node_modules/.vite/deps/chunk-334SA7H6.js?v=6e2a7132:19116:15)
    at recoverFromConcurrentError (http://localhost:5174/node_modules/.vite/deps/chunk-334SA7H6.js?v=6e2a7132:18736:28)
    at performSyncWorkOnRoot (http://localhost:5174/node_modules/.vite/deps/chunk-334SA7H6.js?v=6e2a7132:18879:28)
    at flushSyncCallbacks (http://localhost:5174/node_modules/.vite/deps/chunk-334SA7H6.js?v=6e2a7132:9119:30)
    at flushSync (http://localhost:5174/node_modules/.vite/deps/chunk-334SA7H6.js?v=6e2a7132:18959:15)
    at Object.scheduleRefresh (http://localhost:5174/node_modules/.vite/deps/chunk-334SA7H6.js?v=6e2a7132:20004:13)
    at http://localhost:5174/@react-refresh:228:17
    at Set.forEach (<anonymous>)
    at performReactRefresh (http://localhost:5174/@react-refresh:217:26)
    at http://localhost:5174/@react-refresh:608:3
[   72517ms] ReferenceError: videoRef is not defined
    at ProjectGridCard (http://localhost:5174/src/components/ui/ProjectGridCard.jsx?t=1782255472833:109:24)
    at renderWithHooks (http://localhost:5174/node_modules/.vite/deps/chunk-334SA7H6.js?v=6e2a7132:11548:26)
    at mountIndeterminateComponent (http://localhost:5174/node_modules/.vite/deps/chunk-334SA7H6.js?v=6e2a7132:14926:21)
    at beginWork (http://localhost:5174/node_modules/.vite/deps/chunk-334SA7H6.js?v=6e2a7132:15914:22)
    at HTMLUnknownElement.callCallback2 (http://localhost:5174/node_modules/.vite/deps/chunk-334SA7H6.js?v=6e2a7132:3674:22)
    at Object.invokeGuardedCallbackDev (http://localhost:5174/node_modules/.vite/deps/chunk-334SA7H6.js?v=6e2a7132:3699:24)
    at invokeGuardedCallback (http://localhost:5174/node_modules/.vite/deps/chunk-334SA7H6.js?v=6e2a7132:3733:39)
    at beginWork$1 (http://localhost:5174/node_modules/.vite/deps/chunk-334SA7H6.js?v=6e2a7132:19765:15)
    at performUnitOfWork (http://localhost:5174/node_modules/.vite/deps/chunk-334SA7H6.js?v=6e2a7132:19198:20)
    at workLoopSync (http://localhost:5174/node_modules/.vite/deps/chunk-334SA7H6.js?v=6e2a7132:19137:13)
    at renderRootSync (http://localhost:5174/node_modules/.vite/deps/chunk-334SA7H6.js?v=6e2a7132:19116:15)
    at recoverFromConcurrentError (http://localhost:5174/node_modules/.vite/deps/chunk-334SA7H6.js?v=6e2a7132:18736:28)
    at performSyncWorkOnRoot (http://localhost:5174/node_modules/.vite/deps/chunk-334SA7H6.js?v=6e2a7132:18879:28)
    at flushSyncCallbacks (http://localhost:5174/node_modules/.vite/deps/chunk-334SA7H6.js?v=6e2a7132:9119:30)
    at flushSync (http://localhost:5174/node_modules/.vite/deps/chunk-334SA7H6.js?v=6e2a7132:18959:15)
    at Object.scheduleRefresh (http://localhost:5174/node_modules/.vite/deps/chunk-334SA7H6.js?v=6e2a7132:20004:13)
    at http://localhost:5174/@react-refresh:228:17
    at Set.forEach (<anonymous>)
    at performReactRefresh (http://localhost:5174/@react-refresh:217:26)
    at http://localhost:5174/@react-refresh:608:3
[   72521ms] [ERROR] The above error occurred in the <ProjectGridCard> component:

    at ProjectGridCard (http://localhost:5174/src/components/ui/ProjectGridCard.jsx?t=1782255472833:20:35)
    at div
    at div
    at div
    at ProjectGridHome (http://localhost:5174/src/components/sections/ProjectGridHome.jsx?t=1782254296982:25:35)
    at section
    at SelectedWork (http://localhost:5174/src/components/sections/SelectedWork.jsx?t=1782255335913:26:22)
    at main
    at Home
    at RenderedRoute (http://localhost:5174/node_modules/.vite/deps/react-router-dom.js?v=6e2a7132:4122:5)
    at Routes (http://localhost:5174/node_modules/.vite/deps/react-router-dom.js?v=6e2a7132:4592:5)
    at Suspense
    at PageTransitionProvider (http://localhost:5174/src/context/PageTransitionContext.jsx:23:42)
    at Router (http://localhost:5174/node_modules/.vite/deps/react-router-dom.js?v=6e2a7132:4535:15)
    at BrowserRouter (http://localhost:5174/node_modules/.vite/deps/react-router-dom.js?v=6e2a7132:5273:5)
    at MouseProvider (http://localhost:5174/src/context/MouseContext.jsx:21:33)
    at LoaderProvider (http://localhost:5174/src/context/LoaderContext.jsx:20:34)
    at DefaultPropsProvider (http://localhost:5174/node_modules/.vite/deps/@mui_material.js?v=6e2a7132:8734:3)
    at RtlProvider (http://localhost:5174/node_modules/.vite/deps/@mui_material.js?v=6e2a7132:8712:5)
    at ThemeProvider2 (http://localhost:5174/node_modules/.vite/deps/@mui_material.js?v=6e2a7132:8664:15)
    at ThemeProvider3 (http://localhost:5174/node_modules/.vite/deps/@mui_material.js?v=6e2a7132:8858:15)
    at ThemeProvider4 (http://localhost:5174/node_modules/.vite/deps/@mui_material.js?v=6e2a7132:11547:12)
    at App

Consider adding an error boundary to your tree to customize error handling behavior.
Visit https://reactjs.org/link/error-boundaries to learn more about error boundaries. @ :0
[   72521ms] [ERROR] The above error occurred in the <ProjectGridCard> component:

    at ProjectGridCard (http://localhost:5174/src/components/ui/ProjectGridCard.jsx?t=1782255472833:20:35)
    at div
    at div
    at div
    at ProjectGridHome (http://localhost:5174/src/components/sections/ProjectGridHome.jsx?t=1782254296982:25:35)
    at section
    at SelectedWork (http://localhost:5174/src/components/sections/SelectedWork.jsx?t=1782255335913:26:22)
    at main
    at Home
    at RenderedRoute (http://localhost:5174/node_modules/.vite/deps/react-router-dom.js?v=6e2a7132:4122:5)
    at Routes (http://localhost:5174/node_modules/.vite/deps/react-router-dom.js?v=6e2a7132:4592:5)
    at Suspense
    at PageTransitionProvider (http://localhost:5174/src/context/PageTransitionContext.jsx:23:42)
    at Router (http://localhost:5174/node_modules/.vite/deps/react-router-dom.js?v=6e2a7132:4535:15)
    at BrowserRouter (http://localhost:5174/node_modules/.vite/deps/react-router-dom.js?v=6e2a7132:5273:5)
    at MouseProvider (http://localhost:5174/src/context/MouseContext.jsx:21:33)
    at LoaderProvider (http://localhost:5174/src/context/LoaderContext.jsx:20:34)
    at DefaultPropsProvider (http://localhost:5174/node_modules/.vite/deps/@mui_material.js?v=6e2a7132:8734:3)
    at RtlProvider (http://localhost:5174/node_modules/.vite/deps/@mui_material.js?v=6e2a7132:8712:5)
    at ThemeProvider2 (http://localhost:5174/node_modules/.vite/deps/@mui_material.js?v=6e2a7132:8664:15)
    at ThemeProvider3 (http://localhost:5174/node_modules/.vite/deps/@mui_material.js?v=6e2a7132:8858:15)
    at ThemeProvider4 (http://localhost:5174/node_modules/.vite/deps/@mui_material.js?v=6e2a7132:11547:12)
    at App

Consider adding an error boundary to your tree to customize error handling behavior.
Visit https://reactjs.org/link/error-boundaries to learn more about error boundaries. @ :0
[   72521ms] [ERROR] The above error occurred in the <ProjectGridCard> component:

    at ProjectGridCard (http://localhost:5174/src/components/ui/ProjectGridCard.jsx?t=1782255472833:20:35)
    at div
    at div
    at div
    at ProjectGridHome (http://localhost:5174/src/components/sections/ProjectGridHome.jsx?t=1782254296982:25:35)
    at section
    at SelectedWork (http://localhost:5174/src/components/sections/SelectedWork.jsx?t=1782255335913:26:22)
    at main
    at Home
    at RenderedRoute (http://localhost:5174/node_modules/.vite/deps/react-router-dom.js?v=6e2a7132:4122:5)
    at Routes (http://localhost:5174/node_modules/.vite/deps/react-router-dom.js?v=6e2a7132:4592:5)
    at Suspense
    at PageTransitionProvider (http://localhost:5174/src/context/PageTransitionContext.jsx:23:42)
    at Router (http://localhost:5174/node_modules/.vite/deps/react-router-dom.js?v=6e2a7132:4535:15)
    at BrowserRouter (http://localhost:5174/node_modules/.vite/deps/react-router-dom.js?v=6e2a7132:5273:5)
    at MouseProvider (http://localhost:5174/src/context/MouseContext.jsx:21:33)
    at LoaderProvider (http://localhost:5174/src/context/LoaderContext.jsx:20:34)
    at DefaultPropsProvider (http://localhost:5174/node_modules/.vite/deps/@mui_material.js?v=6e2a7132:8734:3)
    at RtlProvider (http://localhost:5174/node_modules/.vite/deps/@mui_material.js?v=6e2a7132:8712:5)
    at ThemeProvider2 (http://localhost:5174/node_modules/.vite/deps/@mui_material.js?v=6e2a7132:8664:15)
    at ThemeProvider3 (http://localhost:5174/node_modules/.vite/deps/@mui_material.js?v=6e2a7132:8858:15)
    at ThemeProvider4 (http://localhost:5174/node_modules/.vite/deps/@mui_material.js?v=6e2a7132:11547:12)
    at App

Consider adding an error boundary to your tree to customize error handling behavior.
Visit https://reactjs.org/link/error-boundaries to learn more about error boundaries. @ :0
[   72524ms] ReferenceError: videoRef is not defined
    at ProjectGridCard (http://localhost:5174/src/components/ui/ProjectGridCard.jsx?t=1782255472833:109:24)
    at renderWithHooks (http://localhost:5174/node_modules/.vite/deps/chunk-334SA7H6.js?v=6e2a7132:11548:26)
    at mountIndeterminateComponent (http://localhost:5174/node_modules/.vite/deps/chunk-334SA7H6.js?v=6e2a7132:14926:21)
    at beginWork (http://localhost:5174/node_modules/.vite/deps/chunk-334SA7H6.js?v=6e2a7132:15914:22)
    at beginWork$1 (http://localhost:5174/node_modules/.vite/deps/chunk-334SA7H6.js?v=6e2a7132:19753:22)
    at performUnitOfWork (http://localhost:5174/node_modules/.vite/deps/chunk-334SA7H6.js?v=6e2a7132:19198:20)
    at workLoopSync (http://localhost:5174/node_modules/.vite/deps/chunk-334SA7H6.js?v=6e2a7132:19137:13)
    at renderRootSync (http://localhost:5174/node_modules/.vite/deps/chunk-334SA7H6.js?v=6e2a7132:19116:15)
    at recoverFromConcurrentError (http://localhost:5174/node_modules/.vite/deps/chunk-334SA7H6.js?v=6e2a7132:18736:28)
    at performSyncWorkOnRoot (http://localhost:5174/node_modules/.vite/deps/chunk-334SA7H6.js?v=6e2a7132:18879:28)
    at flushSyncCallbacks (http://localhost:5174/node_modules/.vite/deps/chunk-334SA7H6.js?v=6e2a7132:9119:30)
    at flushSync (http://localhost:5174/node_modules/.vite/deps/chunk-334SA7H6.js?v=6e2a7132:18959:15)
    at Object.scheduleRefresh (http://localhost:5174/node_modules/.vite/deps/chunk-334SA7H6.js?v=6e2a7132:20004:13)
    at http://localhost:5174/@react-refresh:228:17
    at Set.forEach (<anonymous>)
    at performReactRefresh (http://localhost:5174/@react-refresh:217:26)
    at http://localhost:5174/@react-refresh:608:3
[   73026ms] [LOG] THREE.WebGLRenderer: Context Lost. @ http://localhost:5174/node_modules/.vite/deps/chunk-AIMFXXY4.js?v=6e2a7132:32989
[   75527ms] [WARNING] The resource http://localhost:5174/fonts/dm-sans-400.woff2 was preloaded using link preload but not used within a few seconds from the window's load event. Please make sure it has an appropriate `as` value and it is preloaded intentionally. @ http://localhost:5174/:0
[   75527ms] [WARNING] The resource http://localhost:5174/fonts/playfair-900.woff2 was preloaded using link preload but not used within a few seconds from the window's load event. Please make sure it has an appropriate `as` value and it is preloaded intentionally. @ http://localhost:5174/:0
[   81208ms] [WARNING] The resource http://localhost:5174/fonts/dm-sans-400.woff2 was preloaded using link preload but not used within a few seconds from the window's load event. Please make sure it has an appropriate `as` value and it is preloaded intentionally. @ http://localhost:5174/:0
[   81208ms] [WARNING] The resource http://localhost:5174/fonts/playfair-900.woff2 was preloaded using link preload but not used within a few seconds from the window's load event. Please make sure it has an appropriate `as` value and it is preloaded intentionally. @ http://localhost:5174/:0
