[      83ms] [LOG] %c Console Ninja extension is connected to Vite, background: rgb(30,30,30); color: rgb(255,213,92) see https://tinyurl.com/2vt8jxzw for more info. @ :0
[     108ms] [INFO] %cDownload the React DevTools for a better development experience: https://reactjs.org/link/react-devtools font-weight:bold @ http://localhost:5179/node_modules/.vite/deps/chunk-334SA7H6.js?v=6e2a7132:21550
[     128ms] [WARNING] ⚠️ React Router Future Flag Warning: React Router will begin wrapping state updates in `React.startTransition` in v7. You can use the `v7_startTransition` future flag to opt-in early. For more information, see https://reactrouter.com/v6/upgrading/future#v7_starttransition. @ http://localhost:5179/node_modules/.vite/deps/react-router-dom.js?v=6e2a7132:4426
[     128ms] [WARNING] ⚠️ React Router Future Flag Warning: Relative route resolution within Splat routes is changing in v7. You can use the `v7_relativeSplatPath` future flag to opt-in early. For more information, see https://reactrouter.com/v6/upgrading/future#v7_relativesplatpath. @ http://localhost:5179/node_modules/.vite/deps/react-router-dom.js?v=6e2a7132:4426
[     134ms] [LOG] [debug-flash] huevos-point flash found: true @ http://localhost:5179/src/components/sections/ProjectGallery.jsx?t=1782004905915:38
[     135ms] [LOG] [debug-flash] diamondrose-sanctuary flash found: true @ http://localhost:5179/src/components/sections/ProjectGallery.jsx?t=1782004905915:38
[     135ms] [LOG] [debug-flash] vital-stats-app flash found: true @ http://localhost:5179/src/components/sections/ProjectGallery.jsx?t=1782004905915:38
[     136ms] [LOG] [debug-flash] sistema-de-diseno flash found: true @ http://localhost:5179/src/components/sections/ProjectGallery.jsx?t=1782004905915:38
[     136ms] [LOG] [debug-flash] bold-flavor flash found: true @ http://localhost:5179/src/components/sections/ProjectGallery.jsx?t=1782004905915:38
[     136ms] [LOG] [debug-flash] semantic-search-engine flash found: true @ http://localhost:5179/src/components/sections/ProjectGallery.jsx?t=1782004905915:38
[     136ms] [LOG] [debug-flash] autonomous-code-reviewer flash found: true @ http://localhost:5179/src/components/sections/ProjectGallery.jsx?t=1782004905915:38
[     137ms] [LOG] [debug-flash] huevos-point flash found: true @ http://localhost:5179/src/components/sections/ProjectGallery.jsx?t=1782004905915:38
[     137ms] [LOG] [debug-flash] diamondrose-sanctuary flash found: true @ http://localhost:5179/src/components/sections/ProjectGallery.jsx?t=1782004905915:38
[     137ms] [LOG] [debug-flash] vital-stats-app flash found: true @ http://localhost:5179/src/components/sections/ProjectGallery.jsx?t=1782004905915:38
[     137ms] [LOG] [debug-flash] sistema-de-diseno flash found: true @ http://localhost:5179/src/components/sections/ProjectGallery.jsx?t=1782004905915:38
[     137ms] [LOG] [debug-flash] bold-flavor flash found: true @ http://localhost:5179/src/components/sections/ProjectGallery.jsx?t=1782004905915:38
[     137ms] [LOG] [debug-flash] semantic-search-engine flash found: true @ http://localhost:5179/src/components/sections/ProjectGallery.jsx?t=1782004905915:38
[     137ms] [LOG] [debug-flash] autonomous-code-reviewer flash found: true @ http://localhost:5179/src/components/sections/ProjectGallery.jsx?t=1782004905915:38
[     150ms] [LOG] [debug-flash] onToggle huevos-point true @ http://localhost:5179/src/components/sections/ProjectGallery.jsx?t=1782004905915:44
[     150ms] [LOG] [debug-flash] onToggle diamondrose-sanctuary true @ http://localhost:5179/src/components/sections/ProjectGallery.jsx?t=1782004905915:44
[     150ms] [LOG] [debug-flash] onToggle vital-stats-app true @ http://localhost:5179/src/components/sections/ProjectGallery.jsx?t=1782004905915:44
[     151ms] [LOG] [debug-flash] onToggle sistema-de-diseno true @ http://localhost:5179/src/components/sections/ProjectGallery.jsx?t=1782004905915:44
[    3139ms] [WARNING] The resource http://localhost:5179/fonts/dm-sans-400.woff2 was preloaded using link preload but not used within a few seconds from the window's load event. Please make sure it has an appropriate `as` value and it is preloaded intentionally. @ http://localhost:5179/work:0
[    3139ms] [WARNING] The resource http://localhost:5179/fonts/playfair-900.woff2 was preloaded using link preload but not used within a few seconds from the window's load event. Please make sure it has an appropriate `as` value and it is preloaded intentionally. @ http://localhost:5179/work:0
[   58144ms] [WARNING] The resource http://localhost:5179/fonts/dm-sans-400.woff2 was preloaded using link preload but not used within a few seconds from the window's load event. Please make sure it has an appropriate `as` value and it is preloaded intentionally. @ http://localhost:5179/work:0
[   58144ms] [WARNING] The resource http://localhost:5179/fonts/playfair-900.woff2 was preloaded using link preload but not used within a few seconds from the window's load event. Please make sure it has an appropriate `as` value and it is preloaded intentionally. @ http://localhost:5179/work:0
