[      80ms] [LOG] %c Console Ninja extension is connected to Vite, background: rgb(30,30,30); color: rgb(255,213,92) see https://tinyurl.com/2vt8jxzw for more info. @ :0
[     128ms] [INFO] %cDownload the React DevTools for a better development experience: https://reactjs.org/link/react-devtools font-weight:bold @ http://localhost:5176/node_modules/.vite/deps/chunk-334SA7H6.js?v=6e2a7132:21550
[     167ms] [WARNING] ⚠️ React Router Future Flag Warning: React Router will begin wrapping state updates in `React.startTransition` in v7. You can use the `v7_startTransition` future flag to opt-in early. For more information, see https://reactrouter.com/v6/upgrading/future#v7_starttransition. @ http://localhost:5176/node_modules/.vite/deps/react-router-dom.js?v=6e2a7132:4426
[     167ms] [WARNING] ⚠️ React Router Future Flag Warning: Relative route resolution within Splat routes is changing in v7. You can use the `v7_relativeSplatPath` future flag to opt-in early. For more information, see https://reactrouter.com/v6/upgrading/future#v7_relativesplatpath. @ http://localhost:5176/node_modules/.vite/deps/react-router-dom.js?v=6e2a7132:4426
[    3203ms] [WARNING] The resource http://localhost:5176/fonts/dm-sans-400.woff2 was preloaded using link preload but not used within a few seconds from the window's load event. Please make sure it has an appropriate `as` value and it is preloaded intentionally. @ http://localhost:5176/work:0
[    3203ms] [WARNING] The resource http://localhost:5176/fonts/playfair-900.woff2 was preloaded using link preload but not used within a few seconds from the window's load event. Please make sure it has an appropriate `as` value and it is preloaded intentionally. @ http://localhost:5176/work:0
[    5304ms] [WARNING] scale not eligible for reset. Try splitting into individual properties @ http://localhost:5176/node_modules/.vite/deps/chunk-UTTC4PWC.js?v=6e2a7132:86
[    5305ms] [WARNING] rotateY not eligible for reset. Try splitting into individual properties @ http://localhost:5176/node_modules/.vite/deps/chunk-UTTC4PWC.js?v=6e2a7132:86
[    5305ms] [WARNING] rotateX not eligible for reset. Try splitting into individual properties @ http://localhost:5176/node_modules/.vite/deps/chunk-UTTC4PWC.js?v=6e2a7132:86
[    5317ms] [WARNING] scale not eligible for reset. Try splitting into individual properties @ http://localhost:5176/node_modules/.vite/deps/chunk-UTTC4PWC.js?v=6e2a7132:86
[    8320ms] [WARNING] The resource http://localhost:5176/fonts/dm-sans-400.woff2 was preloaded using link preload but not used within a few seconds from the window's load event. Please make sure it has an appropriate `as` value and it is preloaded intentionally. @ http://localhost:5176/work:0
[    8320ms] [WARNING] The resource http://localhost:5176/fonts/playfair-900.woff2 was preloaded using link preload but not used within a few seconds from the window's load event. Please make sure it has an appropriate `as` value and it is preloaded intentionally. @ http://localhost:5176/work:0
[   84039ms] [WARNING] The resource http://localhost:5176/fonts/dm-sans-400.woff2 was preloaded using link preload but not used within a few seconds from the window's load event. Please make sure it has an appropriate `as` value and it is preloaded intentionally. @ http://localhost:5176/work:0
[   84039ms] [WARNING] The resource http://localhost:5176/fonts/playfair-900.woff2 was preloaded using link preload but not used within a few seconds from the window's load event. Please make sure it has an appropriate `as` value and it is preloaded intentionally. @ http://localhost:5176/work:0
[   88143ms] [LOG] [vite] server connection lost. Polling for restart... @ http://localhost:5176/@vite/client:559
[   88241ms] [LOG] %c Console Ninja extension is connected to Vite, background: rgb(30,30,30); color: rgb(255,213,92) see https://tinyurl.com/2vt8jxzw for more info. @ :0
[   88272ms] [INFO] %cDownload the React DevTools for a better development experience: https://reactjs.org/link/react-devtools font-weight:bold @ http://localhost:5176/node_modules/.vite/deps/chunk-334SA7H6.js?v=6e2a7132:21550
[   88292ms] [WARNING] ⚠️ React Router Future Flag Warning: React Router will begin wrapping state updates in `React.startTransition` in v7. You can use the `v7_startTransition` future flag to opt-in early. For more information, see https://reactrouter.com/v6/upgrading/future#v7_starttransition. @ http://localhost:5176/node_modules/.vite/deps/react-router-dom.js?v=6e2a7132:4426
[   88292ms] [WARNING] ⚠️ React Router Future Flag Warning: Relative route resolution within Splat routes is changing in v7. You can use the `v7_relativeSplatPath` future flag to opt-in early. For more information, see https://reactrouter.com/v6/upgrading/future#v7_relativesplatpath. @ http://localhost:5176/node_modules/.vite/deps/react-router-dom.js?v=6e2a7132:4426
[   90053ms] [WARNING] scale not eligible for reset. Try splitting into individual properties @ http://localhost:5176/node_modules/.vite/deps/chunk-UTTC4PWC.js?v=6e2a7132:86
[   91283ms] [WARNING] The resource http://localhost:5176/fonts/dm-sans-400.woff2 was preloaded using link preload but not used within a few seconds from the window's load event. Please make sure it has an appropriate `as` value and it is preloaded intentionally. @ http://localhost:5176/work:0
[   91283ms] [WARNING] The resource http://localhost:5176/fonts/playfair-900.woff2 was preloaded using link preload but not used within a few seconds from the window's load event. Please make sure it has an appropriate `as` value and it is preloaded intentionally. @ http://localhost:5176/work:0
[   91734ms] [WARNING] scale not eligible for reset. Try splitting into individual properties @ http://localhost:5176/node_modules/.vite/deps/chunk-UTTC4PWC.js?v=6e2a7132:86
[   94755ms] [WARNING] The resource http://localhost:5176/fonts/dm-sans-400.woff2 was preloaded using link preload but not used within a few seconds from the window's load event. Please make sure it has an appropriate `as` value and it is preloaded intentionally. @ http://localhost:5176/work:0
[   94755ms] [WARNING] The resource http://localhost:5176/fonts/playfair-900.woff2 was preloaded using link preload but not used within a few seconds from the window's load event. Please make sure it has an appropriate `as` value and it is preloaded intentionally. @ http://localhost:5176/work:0
